// Jest Snapshot v1, https://goo.gl/fbAQLP

exports[`find-python-projects finds projects 1`] = `
{
  "packageable-projects": [
    {
      "buildBackend": "poetry.core.masonry.api",
      "directory": "test-fixtures/multi-project/project-2",
      "installCommand": "poetry install",
      "name": "sub-project-2",
      "packageCommand": "poetry bundle venv",
      "path": "test-fixtures/multi-project/project-2/pyproject.toml",
      "pythonVersion": "^3.9",
      "testCommand": "poetry run pytest",
    },
  ],
  "paths": [
    "test-fixtures/multi-project/project-1/pyproject.toml",
    "test-fixtures/multi-project/project-2/pyproject.toml",
    "test-fixtures/multi-project/project-4/pyproject.toml",
  ],
  "projects": [
    {
      "buildBackend": "poetry.core.masonry.api",
      "directory": "test-fixtures/multi-project/project-1",
      "installCommand": "poetry install",
      "name": "sub-project-1",
      "packageCommand": null,
      "path": "test-fixtures/multi-project/project-1/pyproject.toml",
      "pythonVersion": "^3.9",
      "testCommand": null,
    },
    {
      "buildBackend": "poetry.core.masonry.api",
      "directory": "test-fixtures/multi-project/project-2",
      "installCommand": "poetry install",
      "name": "sub-project-2",
      "packageCommand": "poetry bundle venv",
      "path": "test-fixtures/multi-project/project-2/pyproject.toml",
      "pythonVersion": "^3.9",
      "testCommand": "poetry run pytest",
    },
    {
      "directory": "test-fixtures/multi-project/project-4",
      "installCommand": null,
      "name": "sub-project-4",
      "packageCommand": null,
      "path": "test-fixtures/multi-project/project-4/pyproject.toml",
      "pythonVersion": "^3.9",
      "testCommand": null,
    },
  ],
  "testable-projects": [
    {
      "buildBackend": "poetry.core.masonry.api",
      "directory": "test-fixtures/multi-project/project-2",
      "installCommand": "poetry install",
      "name": "sub-project-2",
      "packageCommand": "poetry bundle venv",
      "path": "test-fixtures/multi-project/project-2/pyproject.toml",
      "pythonVersion": "^3.9",
      "testCommand": "poetry run pytest",
    },
  ],
}
`;
