// Jest Snapshot v1, https://goo.gl/fbAQLP

exports[`find-python-projects finds projects 1`] = `
{
  "packageable-projects": [
    {
      "buildBackend": "poetry.core.masonry.api",
      "commands": {
        "install": "poetry install",
        "package": "poetry bundle venv",
        "test": "poetry run pytest",
      },
      "directory": "test-fixtures/multi-project/project-2",
      "installCommand": "poetry install",
      "name": "sub-project-2",
      "packageCommand": "poetry bundle venv",
      "path": "test-fixtures/multi-project/project-2/pyproject.toml",
      "pythonVersion": "^3.9",
      "testCommand": "poetry run pytest",
    },
  ],
  "paths": [
    "test-fixtures/multi-project/project-1/pyproject.toml",
    "test-fixtures/multi-project/project-2/pyproject.toml",
    "test-fixtures/multi-project/project-4/pyproject.toml",
    "test-fixtures/multi-project/project-5/pyproject.toml",
    "test-fixtures/multi-project/project-6/pyproject.toml",
  ],
  "projects": [
    {
      "buildBackend": "poetry.core.masonry.api",
      "commands": {
        "install": "poetry install",
      },
      "directory": "test-fixtures/multi-project/project-1",
      "installCommand": "poetry install",
      "name": "sub-project-1",
      "path": "test-fixtures/multi-project/project-1/pyproject.toml",
      "pythonVersion": "^3.9",
    },
    {
      "buildBackend": "poetry.core.masonry.api",
      "commands": {
        "install": "poetry install",
        "package": "poetry bundle venv",
        "test": "poetry run pytest",
      },
      "directory": "test-fixtures/multi-project/project-2",
      "installCommand": "poetry install",
      "name": "sub-project-2",
      "packageCommand": "poetry bundle venv",
      "path": "test-fixtures/multi-project/project-2/pyproject.toml",
      "pythonVersion": "^3.9",
      "testCommand": "poetry run pytest",
    },
    {
      "commands": {
        "install": null,
      },
      "directory": "test-fixtures/multi-project/project-4",
      "installCommand": null,
      "name": "sub-project-4",
      "path": "test-fixtures/multi-project/project-4/pyproject.toml",
      "pythonVersion": "^3.9",
    },
    {
      "buildBackend": "pdm.backend",
      "commands": {
        "install": "pdm install",
        "test": "pdm run test",
      },
      "directory": "test-fixtures/multi-project/project-5",
      "installCommand": "pdm install",
      "name": "project-5",
      "path": "test-fixtures/multi-project/project-5/pyproject.toml",
      "pythonVersion": "==3.12.*",
      "testCommand": "pdm run test",
    },
    {
      "buildBackend": "poetry.core.masonry.api",
      "commands": {
        "install": "poetry install",
        "test": "poe run test",
      },
      "directory": "test-fixtures/multi-project/project-6",
      "installCommand": "poetry install",
      "name": "sub-project-1",
      "path": "test-fixtures/multi-project/project-6/pyproject.toml",
      "pythonVersion": "^3.9",
      "testCommand": "poe run test",
    },
  ],
  "testable-projects": [
    {
      "buildBackend": "poetry.core.masonry.api",
      "commands": {
        "install": "poetry install",
        "package": "poetry bundle venv",
        "test": "poetry run pytest",
      },
      "directory": "test-fixtures/multi-project/project-2",
      "installCommand": "poetry install",
      "name": "sub-project-2",
      "packageCommand": "poetry bundle venv",
      "path": "test-fixtures/multi-project/project-2/pyproject.toml",
      "pythonVersion": "^3.9",
      "testCommand": "poetry run pytest",
    },
    {
      "buildBackend": "pdm.backend",
      "commands": {
        "install": "pdm install",
        "test": "pdm run test",
      },
      "directory": "test-fixtures/multi-project/project-5",
      "installCommand": "pdm install",
      "name": "project-5",
      "path": "test-fixtures/multi-project/project-5/pyproject.toml",
      "pythonVersion": "==3.12.*",
      "testCommand": "pdm run test",
    },
    {
      "buildBackend": "poetry.core.masonry.api",
      "commands": {
        "install": "poetry install",
        "test": "poe run test",
      },
      "directory": "test-fixtures/multi-project/project-6",
      "installCommand": "poetry install",
      "name": "sub-project-1",
      "path": "test-fixtures/multi-project/project-6/pyproject.toml",
      "pythonVersion": "^3.9",
      "testCommand": "poe run test",
    },
  ],
}
`;
